2026-08-29 10:05:22|API|INFO|301|request received
2026-08-29 09:58:10|AUTH|INFO|302|login successful
2026-08-29 10:12:45|DB|ERROR|301|connection failed
2026-08-29 09:45:00|PAYMENT|INFO|303|payment initiated
2026-08-29 10:05:22|API|INFO|301|second event same time
2026-08-29 09:50:15|ORDER|INFO|304|order created
2026-08-29 10:00:00|SEARCH|INFO|305|search started
2026-08-29 09:45:00|PAYMENT|WARN|303|slow response
2026-08-29 10:20:11|CART|INFO|306|item added
2026-08-29 09:30:05|AUTH|ERROR|307|login failed
2026-08-29 10:05:22|API|ERROR|301|third event same time
2026-08-29 09:59:59|NOTIFY|INFO|308|notification sent
2026-08-29 10:15:30|INVENTORY|WARN|309|stock low
2026-08-29 09:40:00|ORDER|INFO|304|order updated
2026-08-29 10:02:18|API|INFO|310|request received
2026-08-29 09:33:20|DB|ERROR|307|query timeout
2026-08-29 10:25:00|PAYMENT|ERROR|311|payment failed
2026-08-29 09:55:45|SEARCH|INFO|305|search completed
2026-08-29 10:08:09|CART|INFO|312|cart viewed
2026-08-29 09:20:00|AUTH|INFO|313|logout successful
2026-08-29 10:30:40|NOTIFY|WARN|314|delivery delayed
2026-08-29 09:47:33|ORDER|ERROR|315|order failed
2026-08-29 10:11:11|INVENTORY|INFO|309|stock replenished
2026-08-29 09:42:00|PAYMENT|INFO|316|payment initiated
2026-08-29 10:00:00|SEARCH|ERROR|317|search index down
2026-08-29 09:36:15|API|INFO|318|request received
2026-08-29 10:18:50|DB|INFO|319|backup completed
2026-08-29 09:53:00|AUTH|INFO|320|login successful
2026-08-29 10:22:22|CART|ERROR|321|checkout failed
2026-08-29 09:29:00|NOTIFY|INFO|322|notification queued
2026-08-29 10:03:03|ORDER|INFO|323|order shipped
2026-08-29 09:48:48|INVENTORY|ERROR|324|stock sync failed
2026-08-29 10:27:07|PAYMENT|INFO|325|payment confirmed
2026-08-29 09:38:38|SEARCH|WARN|326|slow query
2026-08-29 10:14:14|API|INFO|327|request received
2026-08-29 09:25:25|DB|ERROR|328|replication lag
2026-08-29 10:09:09|AUTH|INFO|329|login successful
2026-08-29 09:56:56|CART|INFO|330|item removed
2026-08-29 10:31:31|ORDER|WARN|331|delayed shipment
2026-08-29 09:44:44|NOTIFY|ERROR|332|delivery failed
2026-08-29 10:06:06|INVENTORY|INFO|333|stock updated
2026-08-29 09:35:35|PAYMENT|WARN|334|retry attempt
2026-08-29 10:19:19|SEARCH|INFO|335|search started
2026-08-29 09:52:52|API|ERROR|336|request timeout
2026-08-29 10:24:24|DB|INFO|337|query executed
2026-08-29 09:41:41|AUTH|WARN|338|password expiring
2026-08-29 10:07:07|CART|INFO|339|item added
2026-08-29 09:31:31|ORDER|INFO|340|order created
2026-08-29 10:16:16|NOTIFY|INFO|341|notification sent
2026-08-29 09:57:57|INVENTORY|WARN|342|low stock alert
2026-08-29 10:29:29|PAYMENT|ERROR|343|payment declined